// Jest Snapshot v1, https://goo.gl/fbAQLP

exports[`LoadingContent render component 1`] = `
<RNCSafeAreaView
  edges={
    {
      "bottom": "off",
      "left": "additive",
      "right": "additive",
      "top": "additive",
    }
  }
  style={
    [
      {
        "flex": 1,
      },
      {
        "alignItems": "center",
        "backgroundColor": "rgba(255, 251, 254, 1)",
        "justifyContent": "center",
        "paddingHorizontal": 12,
      },
      undefined,
    ]
  }
>
  <View
    accessibilityRole="progressbar"
    accessibilityState={
      {
        "busy": true,
      }
    }
    accessible={true}
    style={
      [
        {
          "alignItems": "center",
          "justifyContent": "center",
        },
        undefined,
      ]
    }
    testID="loader"
  >
    <View
      collapsable={false}
      style={
        {
          "height": 24,
          "opacity": 1,
          "width": 24,
        }
      }
    >
      <View
        collapsable={false}
        style={
          {
            "alignItems": "center",
            "bottom": 0,
            "justifyContent": "center",
            "left": 0,
            "position": "absolute",
            "right": 0,
            "top": 0,
          }
        }
      >
        <View
          collapsable={false}
          style={
            {
              "height": 24,
              "transform": [
                {
                  "rotate": "45deg",
                },
              ],
              "width": 24,
            }
          }
        >
          <View
            collapsable={false}
            style={
              {
                "height": 12,
                "overflow": "hidden",
                "width": 24,
              }
            }
          >
            <View
              collapsable={false}
              style={
                {
                  "height": 24,
                  "transform": [
                    {
                      "translateY": 0,
                    },
                    {
                      "rotate": "-165deg",
                    },
                  ],
                  "width": 24,
                }
              }
            >
              <View
                collapsable={false}
                style={
                  {
                    "height": 12,
                    "overflow": "hidden",
                    "width": 24,
                  }
                }
              >
                <View
                  collapsable={false}
                  style={
                    {
                      "borderColor": "rgba(103, 80, 164, 1)",
                      "borderRadius": 12,
                      "borderWidth": 2.4,
                      "height": 24,
                      "width": 24,
                    }
                  }
                />
              </View>
            </View>
          </View>
        </View>
      </View>
      <View
        collapsable={false}
        style={
          {
            "alignItems": "center",
            "bottom": 0,
            "justifyContent": "center",
            "left": 0,
            "position": "absolute",
            "right": 0,
            "top": 0,
          }
        }
      >
        <View
          collapsable={false}
          style={
            {
              "height": 24,
              "transform": [
                {
                  "rotate": "45deg",
                },
              ],
              "width": 24,
            }
          }
        >
          <View
            collapsable={false}
            style={
              {
                "height": 12,
                "overflow": "hidden",
                "top": 12,
                "width": 24,
              }
            }
          >
            <View
              collapsable={false}
              style={
                {
                  "height": 24,
                  "transform": [
                    {
                      "translateY": -12,
                    },
                    {
                      "rotate": "345deg",
                    },
                  ],
                  "width": 24,
                }
              }
            >
              <View
                collapsable={false}
                style={
                  {
                    "height": 12,
                    "overflow": "hidden",
                    "width": 24,
                  }
                }
              >
                <View
                  collapsable={false}
                  style={
                    {
                      "borderColor": "rgba(103, 80, 164, 1)",
                      "borderRadius": 12,
                      "borderWidth": 2.4,
                      "height": 24,
                      "width": 24,
                    }
                  }
                />
              </View>
            </View>
          </View>
        </View>
      </View>
    </View>
  </View>
</RNCSafeAreaView>
`;
